
> streamclone-frontend@0.0.1 dev
> vite --host 127.0.0.1 --port 5174


  [32m[1mVITE[22m v6.0.7[39m  [2mready in [0m[1m178[22m[2m[0m ms[22m

  [32m➜[39m  [1mLocal[22m:   [36mhttp://127.0.0.1:[1m5174[22m/[39m
[2m2:32:21 PM[22m [36m[1m[vite][22m[39m [90m[2m(client)[22m[39m [32mhmr update [39m[2m/src/index.css, /src/components/Channel.tsx, /src/components/Chat.tsx[22m
[2m2:32:34 PM[22m [36m[1m[vite][22m[39m [90m[2m(client)[22m[39m [32mhmr update [39m[2m/src/components/Chat.tsx, /src/index.css[22m
[2m2:32:52 PM[22m [36m[1m[vite][22m[39m [90m[2m(client)[22m[39m [32mhmr update [39m[2m/src/index.css, /src/components/Directory.tsx, /src/components/ChannelRail.tsx, /src/components/Channel.tsx[22m
[2m2:33:16 PM[22m [36m[1m[vite][22m[39m [90m[2m(client)[22m[39m [32mhmr update [39m[2m/src/components/Channel.tsx, /src/index.css[22m
[2m2:35:19 PM[22m [36m[1m[vite][22m[39m [90m[2m(client)[22m[39m [32mhmr update [39m[2m/src/components/Channel.tsx[22m
[2m2:35:40 PM[22m [36m[1m[vite][22m[39m [90m[2m(client)[22m[39m [32mhmr update [39m[2m/src/components/Directory.tsx, /src/index.css[22m
[2m2:35:49 PM[22m [36m[1m[vite][22m[39m [90m[2m(client)[22m[39m [32mhmr update [39m[2m/src/components/Directory.tsx, /src/index.css[22m
[2m2:36:04 PM[22m [36m[1m[vite][22m[39m [90m[2m(client)[22m[39m [32mhmr update [39m[2m/src/components/Channel.tsx, /src/index.css[22m
[2m2:45:18 PM[22m [36m[1m[vite][22m[39m [90m[2m(client)[22m[39m [32mhmr update [39m[2m/src/components/Channel.tsx, /src/index.css[22m
[2m2:45:30 PM[22m [36m[1m[vite][22m[39m [90m[2m(client)[22m[39m [32mhmr update [39m[2m/src/components/Directory.tsx, /src/index.css[22m
[2m2:48:34 PM[22m [36m[1m[vite][22m[39m [90m[2m(client)[22m[39m [32mhmr update [39m[2m/src/index.css, /src/components/Directory.tsx, /src/components/ChannelRail.tsx, /src/components/Channel.tsx[22m
[2m2:48:40 PM[22m [36m[1m[vite][22m[39m [90m[2m(client)[22m[39m [32mhmr update [39m[2m/src/components/Chat.tsx, /src/index.css[22m
[2m2:49:16 PM[22m [36m[1m[vite][22m[39m [90m[2m(client)[22m[39m [32mhmr update [39m[2m/src/components/Channel.tsx, /src/index.css[22m
[2m2:50:08 PM[22m [36m[1m[vite][22m[39m [90m[2m(client)[22m[39m [32mhmr update [39m[2m/src/components/Channel.tsx, /src/index.css[22m
[2m3:16:26 PM[22m [36m[1m[vite][22m[39m [90m[2m(client)[22m[39m [32mhmr update [39m[2m/src/index.css, /src/components/Directory.tsx, /src/components/ChannelRail.tsx, /src/components/Channel.tsx[22m
[2m3:16:26 PM[22m [36m[1m[vite][22m[39m [90m[2m(client)[22m[39m [32mhmr update [39m[2m/src/components/Chat.tsx, /src/index.css[22m
[2m3:16:26 PM[22m [36m[1m[vite][22m[39m [90m[2m(client)[22m[39m [32mhmr update [39m[2m/src/components/Channel.tsx, /src/index.css[22m
